tests/error01.stl:2:7-2:22: error:
    Undefined type 'UndefinedGlobal'.