tests/error02.stl:2:7-2:19: error:
    Undefined variable 'undefinedVar'.