tests/error06.stl:2:12-2:15: error:
    Recursive reference 'Foo' must not occur in a function argument.