tests/error03.types:2:17-2:29: error:
    Undefined variable 'undefinedVar' of kind Type.