tests/records01.stl:3:1-3:16:
  Subtype:
    ∃ (ρ : Row). {ρ}
  Supertype:
    ∃ (ρ : Row). {ρ}
  Result:
    OK
tests/records01.stl:6:1-6:26:
  Subtype:
    ∃ (ρ : Row). (∃ (ω : #). {foo^ω : Unit | ρ})
  Supertype:
    ∃ (ρ : Row). {ρ}
  Result:
    OK
tests/records01.stl:7:1-7:27:
  Subtype:
    ∃ (ρ : Row). {foo : Unit | ρ}
  Supertype:
    ∃ (ρ : Row). {ρ}
  Result:
    OK
tests/records01.stl:11:1-11:26:
  Subtype:
    ∃ (ρ : Row). {ρ}
  Supertype:
    ∃ (ρ : Row). (∃ (ω : #). {foo^ω : Unit | ρ})
  Result:
    OK
tests/records01.stl:14:1-14:27:
  Subtype:
    ∃ (ρ : Row). {ρ}
  Supertype:
    ∃ (ρ : Row). {foo : Unit | ρ}
  Result:
    FAIL
    Cannot unify types.
        ▫︎
      Is not subsumed by:
        ▪︎
tests/records01.stl:17:1-17:60:
  Subtype:
    ∃ (ρ : Row). (∃ (ω : #). (∃ (ω : #). {foo^ω : Unit, bar^ω/1 : Void | ρ}))
  Supertype:
    ∃ (ρ : Row). (∃ (ω : #). (∃ (ω : #). {bar^ω : Void, foo^ω/1 : Unit | ρ}))
  Result:
    OK
tests/records01.stl:18:1-18:64:
  Subtype:
    ∃ (ρ : Row). {foo : Unit, bar : Unit | ρ}
  Supertype:
    ∃ (ρ : Row). {bar : Unit, foo : Unit | ρ}
  Result:
    OK
tests/records01.stl:21:1-21:76:
  Subtype:
    ∃ (ρ : Row). (∃ (ω : #). {foo : Unit, baz^ω : Unit, bar : Unit | ρ})
  Supertype:
    ∃ (ρ : Row). {bar : Unit, foo : Unit | ρ}
  Result:
    OK
tests/records01.stl:22:1-22:76:
  Subtype:
    ∃ (ρ : Row). {foo : Unit, bar : Unit | ρ}
  Supertype:
    ∃ (ρ : Row). (∃ (ω : #). {bar : Unit, baz^ω : Unit, foo : Unit | ρ})
  Result:
    OK
tests/records01.stl:25:1-25:60:
  Subtype:
    ∃ (ρ : Row). (∃ (ω : #). (∃ (ω : #). {foo^ω : Unit, bar^ω/1 : Void | ρ}))
  Supertype:
    ∃ (ρ : Row). (∃ (ω : #). (∃ (ω : #). {bar^ω : Unit, foo^ω/1 : Unit | ρ}))
  Result:
    FAIL
    Cannot unify types.
        Void
      Is not subsumed by:
        Unit
tests/records01.stl:26:1-26:64:
  Subtype:
    ∃ (ρ : Row). {foo : Unit, bar : Void | ρ}
  Supertype:
    ∃ (ρ : Row). {bar : Unit, foo : Unit | ρ}
  Result:
    FAIL
    Cannot unify types.
        Void
      Is not subsumed by:
        Unit
tests/records01.stl:27:1-27:81:
  Subtype:
    ∃ (ρ : Row). {foo : Unit, bar : ∃ (ρ : Row). (∃ (ω : #). {baz^ω : Unit | ρ}) | ρ}
  Supertype:
    ∃ (ρ : Row). {bar : ∃ (ρ : Row). (∃ (ω : #). {quux^ω : Unit | ρ}), foo : Unit | ρ}
  Result:
    OK