tests/variants01.types:3:1-3:16:
  Subtype:
    ∀ (ρ : Row). < | … ρ>
  Supertype:
    ∀ (ρ : Row). < | … ρ>
  Result:
    OK
tests/variants01.types:6:1-6:26:
  Subtype:
    ∀ (ρ : Row). < | … ρ>
  Supertype:
    ∀ (ρ : Row). <Foo? : Unit | … ρ>
  Result:
    OK
tests/variants01.types:9:1-9:26:
  Subtype:
    ∀ (ρ : Row). <Foo? : Unit | … ρ>
  Supertype:
    ∀ (ρ : Row). < | … ρ>
  Result:
    FAIL
    Type is not polymorphic enough.
      Rigid variable ω does not unify with:
        ▫
tests/variants01.types:12:1-12:62:
  Subtype:
    ∀ (ρ : Row). <Foo? : Unit | Bar? : Void | … ρ>
  Supertype:
    ∀ (ρ : Row). <Bar? : Void | Foo? : Unit | … ρ>
  Result:
    OK
tests/variants01.types:15:1-15:75:
  Subtype:
    ∀ (ρ : Row). <Foo? : Unit | Bar? : Unit | … ρ>
  Supertype:
    ∀ (ρ : Row). <Baz? : Unit | Bar? : Unit | Foo? : Unit | … ρ>
  Result:
    OK
tests/variants01.types:18:1-18:62:
  Subtype:
    ∀ (ρ : Row). <Foo? : Unit | Bar? : Void | … ρ>
  Supertype:
    ∀ (ρ : Row). <Bar? : Unit | Foo? : Unit | … ρ>
  Result:
    FAIL
    Cannot unify types.
        Void
      Is not subsumed by:
        Unit
tests/variants01.types:19:1-19:80:
  Subtype:
    ∀ (ρ : Row). <Foo? : Unit | Bar? : ∃ (ρ : Row). {foo? : Unit, … ρ} | … ρ>
  Supertype:
    ∀ (ρ : Row). <Bar? : ∃ (ρ : Row). {bar? : Unit, … ρ} | Foo? : Unit | … ρ>
  Result:
    OK