tests/variance01.types:8:1-8:26:
  Subtype:
    ∃ (ρ : Row). {, … ρ}
  Supertype:
    ∃ (ρ : Row). {foo : Unit, … ρ}
  Result:
    FAIL
    Cannot unify types.
        ▫
      Is not subsumed by:
        ▪
tests/variance01.types:10:1-10:26:
  Subtype:
    ∃ (ρ : Row). {foo : Unit, … ρ}
  Supertype:
    ∃ (ρ : Row). {, … ρ}
  Result:
    OK
tests/variance01.types:12:1-15:20:
  Subtype:
    λ (f : -Type → Type). f (∃ (ρ : Row). {, … ρ})
  Supertype:
    λ (f : -Type → Type). f (∃ (ρ : Row). {foo : Unit, … ρ})
  Result:
    OK
tests/variance01.types:17:1-20:10:
  Subtype:
    λ (f : -Type → Type). f (∃ (ρ : Row). {foo : Unit, … ρ})
  Supertype:
    λ (f : -Type → Type). f (∃ (ρ : Row). {, … ρ})
  Result:
    FAIL
    Cannot unify types.
        ▫
      Is not subsumed by:
        ▪
tests/variance01.types:22:1-25:49:
  Subtype:
    ∀ (f : -Type → Type). f (∃ (ρ : Row). {, … ρ})
  Supertype:
    ∀ (f : -Type → Type). f (∃ (ρ : Row). {foo : Unit, … ρ})
  Result:
    OK
tests/variance01.types:27:1-30:39:
  Subtype:
    ∀ (f : -Type → Type). f (∃ (ρ : Row). {foo : Unit, … ρ})
  Supertype:
    ∀ (f : -Type → Type). f (∃ (ρ : Row). {, … ρ})
  Result:
    FAIL
    Cannot unify types.
        ▫
      Is not subsumed by:
        ▪